[plan] 10 scenario(s) x 2 model(s) (omni-flash-vertex, seedance-2-5)
[plan] provider caps: byteplus <= 60.00 USD
[pre-flight] 17 cell(s) to generate; estimated 50.3400 USD (spent so far 3.6540)
[pre-flight] byteplus: estimated 41.8000 USD (spent so far 0.0000) against cap 60.00
  [       resumed] VID-AD-01 x omni-flash-vertex
  [       resumed] VID-AD-02 x omni-flash-vertex
  [       resumed] VID-AD-03 x omni-flash-vertex
  [            ok] VID-AD-04 x omni-flash-vertex
  [            ok] VID-AD-02 x seedance-2-5
  [            ok] VID-AD-01 x seedance-2-5
  [            ok] VID-AD-05 x omni-flash-vertex
  [            ok] VID-AD-06 x omni-flash-vertex
  [            ok] VID-AD-03 x seedance-2-5
  [            ok] VID-AD-07 x omni-flash-vertex
  [            ok] VID-AD-04 x seedance-2-5
  [       refused] VID-AD-05 x seedance-2-5
  [            ok] VID-AD-08 x omni-flash-vertex
  [            ok] VID-AD-09 x omni-flash-vertex
  [            ok] VID-AD-07 x seedance-2-5
  [       refused] VID-AD-08 x seedance-2-5
  [            ok] VID-AD-10 x omni-flash-vertex
  [            ok] VID-AD-06 x seedance-2-5
  [            ok] VID-AD-09 x seedance-2-5
  [            ok] VID-AD-10 x seedance-2-5
[scenarios] awaiting_judgement=7 · incomplete=3 · total=10
[cells] failed=2 · invalid=2 · measured=16   (run state: generated)

run folder: /Users/macbook/Documents/GitHub/Google-Projects/genmedia-industrial-studies/video/runs/2026-09-10_145714_video
next: python -m runner.cli judge --run 2026-09-10_145714_video

[exited with code 0]
